src/app/admin/users/[id]/page.tsx(143,46): error TS1127: Invalid character.
src/app/admin/users/[id]/page.tsx(143,73): error TS1381: Unexpected token. Did you mean `{'}'}` or `&rbrace;`?
src/app/admin/users/[id]/page.tsx(144,21): error TS1005: '}' expected.
src/app/admin/users/[id]/page.tsx(144,57): error TS1381: Unexpected token. Did you mean `{'}'}` or `&rbrace;`?
src/app/admin/users/[id]/page.tsx(145,21): error TS1005: '}' expected.
src/app/admin/users/[id]/page.tsx(145,59): error TS1381: Unexpected token. Did you mean `{'}'}` or `&rbrace;`?
src/app/admin/users/[id]/page.tsx(146,21): error TS1005: '}' expected.
src/app/admin/users/[id]/page.tsx(146,64): error TS1381: Unexpected token. Did you mean `{'}'}` or `&rbrace;`?
src/app/admin/users/[id]/page.tsx(147,21): error TS1005: '}' expected.
src/app/admin/users/[id]/page.tsx(147,107): error TS1381: Unexpected token. Did you mean `{'}'}` or `&rbrace;`?
src/app/admin/users/[id]/page.tsx(148,20): error TS1382: Unexpected token. Did you mean `{'>'}` or `&gt;`?
src/app/admin/users/[id]/page.tsx(153,13): error TS1381: Unexpected token. Did you mean `{'}'}` or `&rbrace;`?
src/app/admin/users/[id]/page.tsx(193,24): error TS1127: Invalid character.
src/app/admin/users/[id]/page.tsx(193,106): error TS1381: Unexpected token. Did you mean `{'}'}` or `&rbrace;`?
src/app/admin/users/[id]/page.tsx(198,18): error TS1382: Unexpected token. Did you mean `{'>'}` or `&gt;`?
src/app/admin/users/[id]/page.tsx(224,26): error TS1127: Invalid character.
src/app/admin/users/[id]/page.tsx(224,65): error TS1381: Unexpected token. Did you mean `{'}'}` or `&rbrace;`?
src/app/admin/users/[id]/page.tsx(232,18): error TS1382: Unexpected token. Did you mean `{'>'}` or `&gt;`?
src/app/admin/users/[id]/page.tsx(233,17): error TS1381: Unexpected token. Did you mean `{'}'}` or `&rbrace;`?
